// Jest Snapshot v1, https://goo.gl/fbAQLP

exports[`Loading testing should render 1`] = `ShallowWrapper {}`;
