// Jest Snapshot v1, https://goo.gl/fbAQLP

exports[`Menu testing should render 1`] = `ShallowWrapper {}`;
