// Jest Snapshot v1, https://goo.gl/fbAQLP

exports[`Panel Testing should render 1`] = `ShallowWrapper {}`;

exports[`Panel Testing should render correctly with props 1`] = `
<Panel
  dots={14}
/>
`;
