// Jest Snapshot v1, https://goo.gl/fbAQLP

exports[`Headline component testing Metches the snapshot 1`] = `undefined`;
